Native frames: (J=compiled Java code, j=interpreted, Vv=VM code, C=native code)


Current CompileTask:
C2:   9144 2397   !   4       com.android.dx.cf.code.BytecodeArray::parseInstruction (2764 bytes)


---------------  P R O C E S S  ---------------

Java Threads: ( => current thread )
  0x00000000026ee000 JavaThread "DestroyJavaVM" [_thread_blocked, id=4956, stack(0x00000000028e0000,0x00000000029e0000)]
  0x00000000566c6000 JavaThread "Service Thread" daemon [_thread_blocked, id=8992, stack(0x0000000057270000,0x0000000057370000)]
  0x00000000566c1000 JavaThread "C1 CompilerThread2" daemon [_thread_blocked, id=10888, stack(0x0000000056fa0000,0x00000000570a0000)]
  0x00000000566c0800 JavaThread "C2 CompilerThread1" daemon [_thread_in_native, id=8348, stack(0x00000000570c0000,0x00000000571c0000)]
=>0x000000005532e800 JavaThread "C2 CompilerThread0" daemon [_thread_in_native, id=10024, stack(0x0000000056ea0000,0x0000000056fa0000)]
  0x000000005532b800 JavaThread "Attach Listener" daemon [_thread_blocked, id=10656, stack(0x0000000056c70000,0x0000000056d70000)]
  0x00000000566a9800 JavaThread "Signal Dispatcher" daemon [_thread_blocked, id=8476, stack(0x0000000056b70000,0x0000000056c70000)]
  0x0000000055303800 JavaThread "Finalizer" daemon [_thread_blocked, id=11224, stack(0x0000000056240000,0x0000000056340000)]
  0x00000000552c2000 JavaThread "Reference Handler" daemon [_thread_blocked, id=10376, stack(0x00000000565a0000,0x00000000566a0000)]

Other Threads:
  0x00000000552ba800 VMThread [stack: 0x0000000056390000,0x0000000056490000] [id=4300]
  0x000000005672f800 WatcherThread [stack: 0x00000000574b0000,0x00000000575b0000] [id=7292]

VM state:not at safepoint (normal execution)

VM Mutex/Monitor currently owned by a thread: None

Heap:
 PSYoungGen      total 154624K, used 120153K [0x00000000eab00000, 0x00000000fd900000, 0x0000000100000000)
  eden space 126976K, 75% used [0x00000000eab00000,0x00000000f0812548,0x00000000f2700000)
  from space 27648K, 89% used [0x00000000fbe00000,0x00000000fd643fb8,0x00000000fd900000)
  to   space 5120K, 0% used [0x00000000f2700000,0x00000000f2700000,0x00000000f2c00000)
 ParOldGen       total 84992K, used 43281K [0x00000000c0000000, 0x00000000c5300000, 0x00000000eab00000)
  object space 84992K, 50% used [0x00000000c0000000,0x00000000c2a447b8,0x00000000c5300000)
 Metaspace       used 7349K, capacity 7768K, committed 7936K, reserved 1056768K
  class space    used 682K, capacity 720K, committed 768K, reserved 1048576K

Card table byte_map: [0x0000000011da0000,0x0000000011fb0000] byte_map_base: 0x00000000117a0000

Marking Bits: (ParMarkBitMap*) 0x0000000058fe2f70
 Begin Bits: [0x0000000012730000, 0x0000000013730000)
 End Bits:   [0x0000000013730000, 0x0000000014730000)

Polling page: 0x0000000000250000

CodeCache: size=245760Kb used=9091Kb max_used=10774Kb free=236668Kb
 bounds [0x00000000029e0000, 0x0000000003470000, 0x00000000119e0000]
 total_blobs=2689 nmethods=2405 adapters=191
 compilation: enabled

Compilation events (10 events):
Event: 6.885 Thread 0x000000005532e800 

Event: 6.885 Thread 0x000000005532e800 2397   !   4       com.android.dx.cf.code.BytecodeArray::parseInstruction (2764 bytes)
Event: 6.886 Thread 0x00000000566c1000 2399       3       com.android.dx.cf.direct.DirectClassFile::isGoodVersion (38 bytes)
Event: 6.886 Thread 0x00000000566c1000 nmethod 2399 0x000000000344d490 code [0x000000000344d600, 0x000000000344d8d0]
Event: 6.887 Thread 0x00000000566c1000 2400       3       com.android.dx.cf.cst.ConstantPoolParser::<init> (41 bytes)
Event: 6.887 Thread 0x00000000566c1000 nmethod 2400 0x000000000344ca10 code [0x000000000344cbc0, 0x000000000344d158]
Event: 6.889 Thread 0x00000000566c0800 

Event: 6.889 Thread 0x00000000566c0800 2389       4       com.android.dx.ssa.SsaMethod::makeExitBlock (134 bytes)
Event: 6.890 Thread 0x00000000566c1000 2401       3       com.android.dx.rop.type.Type::getClassName (94 bytes)
Event: 6.890 Thread 0x00000000566c1000 nmethod 2401 0x000000000344df10 code [0x000000000344e140, 0x000000000344eeb8]

GC Heap History (10 events):
Event: 0.679 GC heap before
{Heap before GC invocations=1 (full 0):
 PSYoungGen      total 36864K, used 31744K [0x00000000eab00000, 0x00000000ed400000, 0x0000000100000000)
  eden space 31744K, 100% used [0x00000000eab00000,0x00000000eca00000,0x00000000eca00000)
  from space 5120K, 0% used [0x00000000ecf00000,0x00000000ecf00000,0x00000000ed400000)
  to   space 5120K, 0% used [0x00000000eca00000,0x00000000eca00000,0x00000000ecf00000)
 ParOldGen       total 84992K, used 0K [0x00000000c0000000, 0x00000000c5300000, 0x00000000eab00000)
  object space 84992K, 0% used [0x00000000c0000000,0x00000000c0000000,0x00000000c5300000)
 Metaspace       used 5911K, capacity 6772K, committed 7040K, reserved 1056768K
  class space    used 605K, capacity 620K, committed 640K, reserved 1048576K
Event: 0.689 GC heap after
Heap after GC invocations=1 (full 0):
 PSYoungGen      total 36864K, used 5091K [0x00000000eab00000, 0x00000000ef300000, 0x0000000100000000)
  eden space 31744K, 0% used [0x00000000eab00000,0x00000000eab00000,0x00000000eca00000)
  from space 5120K, 99% used [0x00000000eca00000,0x00000000ecef8e00,0x00000000ecf00000)
  to   space 5120K, 0% used [0x00000000eee00000,0x00000000eee00000,0x00000000ef300000)
 ParOldGen       total 84992K, used 389K [0x00000000c0000000, 0x00000000c5300000, 0x00000000eab00000)
  object space 84992K, 0% used [0x00000000c0000000,0x00000000c00614d0,0x00000000c5300000)
 Metaspace       used 5911K, capacity 6772K, committed 7040K, reserved 1056768K
  class space    used 605K, capacity 620K, committed 640K, reserved 1048576K
}
Event: 1.009 GC heap before
{Heap before GC invocations=2 (full 0):
 PSYoungGen      total 36864K, used 36835K [0x00000000eab00000, 0x00000000ef300000, 0x0000000100000000)
  eden space 31744K, 100% used [0x00000000eab00000,0x00000000eca00000,0x00000000eca00000)
  from space 5120K, 99% used [0x00000000eca00000,0x00000000ecef8e00,0x00000000ecf00000)
  to   space 5120K, 0% used [0x00000000eee00000,0x00000000eee00000,0x00000000ef300000)
 ParOldGen       total 84992K, used 389K [0x00000000c0000000, 0x00000000c5300000, 0x00000000eab00000)
  object space 84992K, 0% used [0x00000000c0000000,0x00000000c00614d0,0x00000000c5300000)
 Metaspace       used 6099K, capacity 6966K, committed 7040K, reserved 1056768K
  class space    used 607K, capacity 622K, committed 640K, reserved 1048576K
Event: 1.203 GC heap after
Heap after GC invocations=2 (full 0):
 PSYoungGen      total 68608K, used 5097K [0x00000000eab00000, 0x00000000ef300000, 0x0000000100000000)
  eden space 63488K, 0% used [0x00000000eab00000,0x00000000eab00000,0x00000000ee900000)
  from space 5120K, 99% used [0x00000000eee00000,0x00000000ef2fa6a0,0x00000000ef300000)
  to   space 5120K, 0% used [0x00000000ee900000,0x00000000ee900000,0x00000000eee00000)
 ParOldGen       total 84992K, used 3429K [0x00000000c0000000, 0x00000000c5300000, 0x00000000eab00000)
  object space 84992K, 4% used [0x00000000c0000000,0x00000000c03594a0,0x00000000c5300000)
 Metaspace       used 6099K, capacity 6966K, committed 7040K, reserved 1056768K
  class space    used 607K, capacity 622K, committed 640K, reserved 1048576K
}
Event: 3.483 GC heap before
{Heap before GC invocations=3 (full 0):
 PSYoungGen      total 68608K, used 68585K [0x00000000eab00000, 0x00000000ef300000, 0x0000000100000000)
  eden space 63488K, 100% used [0x00000000eab00000,0x00000000ee900000,0x00000000ee900000)
  from space 5120K, 99% used [0x00000000eee00000,0x00000000ef2fa6a0,0x00000000ef300000)
  to   space 5120K, 0% used [0x00000000ee900000,0x00000000ee900000,0x00000000eee00000)
 ParOldGen       total 84992K, used 3429K [0x00000000c0000000, 0x00000000c5300000, 0x00000000eab00000)
  object space 84992K, 4% used [0x00000000c0000000,0x00000000c03594a0,0x00000000c5300000)
 Metaspace       used 6302K, capacity 7094K, committed 7296K, reserved 1056768K
  class space    used 609K, capacity 622K, committed 640K, reserved 1048576K
Event: 3.506 GC heap after
Heap after GC invocations=3 (full 0):
 PSYoungGen      total 68608K, used 5115K [0x00000000eab00000, 0x00000000f3100000, 0x0000000100000000)
  eden space 63488K, 0% used [0x00000000eab00000,0x00000000eab00000,0x00000000ee900000)
  from space 5120K, 99% used [0x00000000ee900000,0x00000000eedfef38,0x00000000eee00000)
  to   space 5120K, 0% used [0x00000000f2c00000,0x00000000f2c00000,0x00000000f3100000)
 ParOldGen       total 84992K, used 12703K [0x00000000c0000000, 0x00000000c5300000, 0x00000000eab00000)
  object space 84992K, 14% used [0x00000000c0000000,0x00000000c0c67ec8,0x00000000c5300000)
 Metaspace       used 6302K, capacity 7094K, committed 7296K, reserved 1056768K
  class space    used 609K, capacity 622K, committed 640K, reserved 1048576K
}
Event: 4.404 GC heap before
{Heap before GC invocations=4 (full 0):
 PSYoungGen      total 68608K, used 68603K [0x00000000eab00000, 0x00000000f3100000, 0x0000000100000000)
  eden space 63488K, 100% used [0x00000000eab00000,0x00000000ee900000,0x00000000ee900000)
  from space 5120K, 99% used [0x00000000ee900000,0x00000000eedfef38,0x00000000eee00000)
  to   space 5120K, 0% used [0x00000000f2c00000,0x00000000f2c00000,0x00000000f3100000)
 ParOldGen       total 84992K, used 12703K [0x00000000c0000000, 0x00000000c5300000, 0x00000000eab00000)
  object space 84992K, 14% used [0x00000000c0000000,0x00000000c0c67ec8,0x00000000c5300000)
 Metaspace       used 6381K, capacity 7158K, committed 7296K, reserved 1056768K
  class space    used 609K, capacity 622K, committed 640K, reserved 1048576K
Event: 4.433 GC heap after
Heap after GC invocations=4 (full 0):
 PSYoungGen      total 132096K, used 5113K [0x00000000eab00000, 0x00000000f3100000, 0x0000000100000000)
  eden space 126976K, 0% used [0x00000000eab00000,0x00000000eab00000,0x00000000f2700000)
  from space 5120K, 99% used [0x00000000f2c00000,0x00000000f30fe468,0x00000000f3100000)
  to   space 5120K, 0% used [0x00000000f2700000,0x00000000f2700000,0x00000000f2c00000)
 ParOldGen       total 84992K, used 22996K [0x00000000c0000000, 0x00000000c5300000, 0x00000000eab00000)
  object space 84992K, 27% used [0x00000000c0000000,0x00000000c1675000,0x00000000c5300000)
 Metaspace       used 6381K, capacity 7158K, committed 7296K, reserved 1056768K
  class space    used 609K, capacity 622K, committed 640K, reserved 1048576K
}
Event: 5.608 GC heap before
{Heap before GC invocations=5 (full 0):
 PSYoungGen      total 132096K, used 132089K [0x00000000eab00000, 0x00000000f3100000, 0x0000000100000000)
  eden space 126976K, 100% used [0x00000000eab00000,0x00000000f2700000,0x00000000f2700000)
  from space 5120K, 99% used [0x00000000f2c00000,0x00000000f30fe468,0x00000000f3100000)
  to   space 5120K, 0% used [0x00000000f2700000,0x00000000f2700000,0x00000000f2c00000)
 ParOldGen       total 84992K, used 22996K [0x00000000c0000000, 0x00000000c5300000, 0x00000000eab00000)
  object space 84992K, 27% used [0x00000000c0000000,0x00000000c1675000,0x00000000c5300000)
 Metaspace       used 6570K, capacity 7256K, committed 7424K, reserved 1056768K
  class space    used 628K, capacity 656K, committed 768K, reserved 1048576K
Event: 5.836 GC heap after
Heap after GC invocations=5 (full 0):
 PSYoungGen      total 132096K, used 5115K [0x00000000eab00000, 0x00000000fd900000, 0x0000000100000000)
  eden space 126976K, 0% used [0x00000000eab00000,0x00000000eab00000,0x00000000f2700000)
  from space 5120K, 99% used [0x00000000f2700000,0x00000000f2bfef28,0x00000000f2c00000)
  to   space 27648K, 0% used [0x00000000fbe00000,0x00000000fbe00000,0x00000000fd900000)
 ParOldGen       total 84992K, used 43281K [0x00000000c0000000, 0x00000000c5300000, 0x00000000eab00000)
  object space 84992K, 50% used [0x00000000c0000000,0x00000000c2a447b8,0x00000000c5300000)
 Metaspace       used 6570K, capacity 7256K, committed 7424K, reserved 1056768K
  class space    used 628K, capacity 656K, committed 768K, reserved 1048576K
}

Deoptimization events (10 events):
Event: 5.459 Thread 0x0000000056a54000 Uncommon trap: reason=unstable_if action=reinterpret pc=0x0000000003267e44 method=com.android.dx.cf.code.Ropper.isSynchronized()Z @ 12
Event: 5.459 Thread 0x0000000056a54000 Uncommon trap: reason=unstable_if action=reinterpret pc=0x000000000307f6c4 method=com.android.dx.ssa.MoveParamCombiner$1.visitNonMoveInsn(Lcom/android/dx/ssa/NormalSsaInsn;)V @ 27
Event: 5.575 Thread 0x00000000569b8000 Uncommon trap: reason=class_check action=maybe_recompile pc=0x0000000003378060 method=com.android.dx.ssa.ConstCollector.getConstsSortedByCountUse()Ljava/util/ArrayList; @ 168
Event: 5.577 Thread 0x00000000569b8000 Uncommon trap: reason=class_check action=maybe_recompile pc=0x0000000003378060 method=com.android.dx.ssa.ConstCollector.getConstsSortedByCountUse()Ljava/util/ArrayList; @ 168
Event: 5.583 Thread 0x0000000056a22000 Uncommon trap: reason=bimorphic action=maybe_recompile pc=0x0000000002fd19f0 method=com.android.dx.ssa.LiteralOpUpgrader.tryReplacingWithConstant(Lcom/android/dx/ssa/NormalSsaInsn;)Z @ 62
Event: 5.583 Thread 0x0000000056a22000 Uncommon trap: reason=unstable_if action=reinterpret pc=0x0000000003257ad4 method=com.android.dx.ssa.LiteralOpUpgrader$1.visitNonMoveInsn(Lcom/android/dx/ssa/NormalSsaInsn;)V @ 24
Event: 5.585 Thread 0x0000000056a22000 Uncommon trap: reason=bimorphic action=maybe_recompile pc=0x0000000002fd19f0 method=com.android.dx.ssa.LiteralOpUpgrader.tryReplacingWithConstant(Lcom/android/dx/ssa/NormalSsaInsn;)Z @ 62
Event: 6.871 Thread 0x0000000056a22000 Uncommon trap: reason=unstable_if action=reinterpret pc=0x0000000002dff8e0 method=java.util.HashMap.putVal(ILjava/lang/Object;Ljava/lang/Object;ZZ)Ljava/lang/Object; @ 109
Event: 6.872 Thread 0x0000000056a22000 Uncommon trap: reason=bimorphic action=maybe_recompile pc=0x00000000033cc118 method=com.android.dx.cf.code.BytecodeArray.parseInstruction(ILcom/android/dx/cf/code/BytecodeArray$Visitor;)I @ 971
Event: 6.872 Thread 0x0000000056a22000 Uncommon trap: reason=bimorphic action=maybe_recompile pc=0x00000000033cc118 method=com.android.dx.cf.code.BytecodeArray.parseInstruction(ILcom/android/dx/cf/code/BytecodeArray$Visitor;)I @ 971

Internal exceptions (8 events):
Event: 0.079 Thread 0x00000000026ee000 Exception <a 'java/lang/NoSuchMethodError': Method sun.misc.Unsafe.defineClass(Ljava/lang/String;[BII)Ljava/lang/Class; name or signature does not match> (0x00000000eab07cc0) thrown at [C:\re\workspace\8-2-build-windows-amd64-cygwin\jdk8u91\6644\hotspot\sr\z9þü´?
Event: 0.079 Thread 0x00000000026ee000 Exception <a 'java/lang/NoSuchMethodError': Method sun.misc.Unsafe.prefetchRead(Ljava/lang/Object;J)V name or signature does not match> (0x00000000eab07fa8) thrown at [C:\re\workspace\8-2-build-windows-amd64-cygwin\jdk8u91\6644\hotspot\src\share\vm\prims\j‘@û?­S@
Event: 4.082 Thread 0x0000000056a22000 Implicit null exception at 0x00000000031a456c to 0x00000000031a8481
Event: 4.579 Thread 0x00000000569b8800 Implicit null exception at 0x0000000002f9526b to 0x0000000002f9647d
Event: 4.617 Thread 0x0000000056a22000 Implicit null exception at 0x00000000030c8c77 to 0x00000000030ca5b5
Event: 5.165 Thread 0x0000000056a54000 Exception <a 'java/lang/ArrayIndexOutOfBoundsException': 18> (0x00000000f05e18e8) thrown at [C:\re\workspace\8-2-build-windows-amd64-cygwin\jdk8u91\6644\hotspot\src\share\vm\interpreter\interpreterRuntime.cpp, line 366]
Event: 5.165 Thread 0x0000000056a54000 Exception <a 'java/lang/ArrayIndexOutOfBoundsException': 145> (0x00000000f05e3468) thrown at [C:\re\workspace\8-2-build-windows-amd64-cygwin\jdk8u91\6644\hotspot\src\share\vm\interpreter\interpreterRuntime.cpp, line 366]
Event: 5.166 Thread 0x0000000056a54000 Exception <a 'java/lang/ArrayIndexOutOfBoundsException'> (0x00000000f05e4750) thrown at [C:\re\workspace\8-2-build-windows-amd64-cygwin\jdk8u91\6644\hotspot\src\share\vm\runtime\sharedRuntime.cpp, line 605]

Events (10 events):
Event: 6.831 Thread 0x0000000056a22000 DEOPT UNPACKING pc=0x0000000002a2787f sp=0x0000000056e9e940 mode 0
Event: 6.871 Thread 0x0000000056a22000 Uncommon trap: trap_request=0xffffff65 fr.pc=0x0000000002dff8e0
Event: 6.871 Thread 0x0000000056a22000 DEOPT PACKING pc=0x0000000002dff8e0 sp=0x0000000056e9eb10
Event: 6.871 Thread 0x0000000056a22000 DEOPT UNPACKING pc=0x0000000002a2582a sp=0x0000000056e9e9b8 mode 2
Event: 6.872 Thread 0x0000000056a22000 Uncommon trap: trap_request=0xffffffc6 fr.pc=0x00000000033cc118
Event: 6.872 Thread 0x0000000056a22000 DEOPT PACKING pc=0x00000000033cc118 sp=0x0000000056e9eaa0
Event: 6.872 Thread 0x0000000056a22000 DEOPT UNPACKING pc=0x0000000002a2582a sp=0x0000000056e9ea28 mode 2
Event: 6.872 Thread 0x0000000056a22000 Uncommon trap: trap_request=0xffffffc6 fr.pc=0x00000000033cc118
Event: 6.872 Thread 0x0000000056a22000 DEOPT PACKING pc=0x00000000033cc118 sp=0x0000000056e9e920
Event: 6.872 Thread 0x0000000056a22000 DEOPT UNPACKING pc=0x0000000002a2582a sp=0x0000000056e9e8a8 mode 2


Dynamic libraries:
0x000000013f480000 - 0x000000013f4b7000 	C:\Program Files\Java\jdk1.8.0_91\bin\java.exe
0x0000000077580000 - 0x000000007772a000 	C:\Windows\SYSTEM32\ntdll.dll
0x0000000077460000 - 0x000000007757f000 	C:\Windows\system32\kernel32.dll
0x000007fefd620000 - 0x000007fefd68a000 	C:\Windows\system32\KERNELBASE.dll
0x0000000075010000 - 0x0000000075099000 	C:\Windows\System32\SYSFER.DLL
0x000007fefd740000 - 0x000007fefd81b000 	C:\Windows\system32\ADVAPI32.dll
0x000007fefea70000 - 0x000007fefeb0f000 	C:\Windows\system32\msvcrt.dll
0x000007fefed40000 - 0x000007fefed5f000 	C:\Windows\SYSTEM32\sechost.dll
0x000007fefeb10000 - 0x000007fefec3d000 	C:\Windows\system32\RPCRT4.dll
0x0000000077360000 - 0x000000007745a000 	C:\Windows\system32\USER32.dll
0x000007fefd6c0000 - 0x000007fefd727000 	C:\Windows\system32\GDI32.dll
0x000007fefe5b0000 - 0x000007fefe5be000 	C:\Windows\system32\LPK.dll
0x000007feff060000 - 0x000007feff12a000 	C:\Windows\system32\USP10.dll
0x000007fefbed0000 - 0x000007fefc0c4000 	C:\Windows\WinSxS\amd64_microsoft.windows.common-controls_6595b64144ccf1df_6.0.7601.18837_none_fa3b1e3d17594757\COMCTL32.dll
0x000007feff680000 - 0x000007feff6f1000 	C:\Windows\system32\SHLWAPI.dll
0x000007fefe9a0000 - 0x000007fefe9ce000 	C:\Windows\system32\IMM32.DLL
0x000007fefe890000 - 0x000007fefe999000 	C:\Windows\system32\MSCTF.dll
0x0000000063ab0000 - 0x0000000063b82000 	C:\Program Files\Java\jdk1.8.0_91\jre\bin\msvcr100.dll
0x00000000587d0000 - 0x0000000059063000 	C:\Program Files\Java\jdk1.8.0_91\jre\bin\server\jvm.dll
0x000007fefa190000 - 0x000007fefa199000 	C:\Windows\system32\WSOCK32.dll
0x000007fefef90000 - 0x000007fefefdd000 	C:\Windows\system32\WS2_32.dll
0x000007fefd730000 - 0x000007fefd738000 	C:\Windows\system32\NSI.dll
0x000007fef8c80000 - 0x000007fef8cbb000 	C:\Windows\system32\WINMM.dll
0x000007fefc3f0000 - 0x000007fefc3fc000 	C:\Windows\system32\VERSION.dll
0x0000000077740000 - 0x0000000077747000 	C:\Windows\system32\PSAPI.DLL
0x00000000723a0000 - 0x00000000723af000 	C:\Program Files\Java\jdk1.8.0_91\jre\bin\verify.dll
0x0000000072370000 - 0x0000000072399000 	C:\Program Files\Java\jdk1.8.0_91\jre\bin\java.dll
0x0000000066660000 - 0x0000000066676000 	C:\Program Files\Java\jdk1.8.0_91\jre\bin\zip.dll
0x000007fefd820000 - 0x000007fefe5aa000 	C:\Windows\system32\SHELL32.dll
0x000007fefed60000 - 0x000007fefef63000 	C:\Windows\system32\ole32.dll
0x000007fefd310000 - 0x000007fefd31f000 	C:\Windows\system32\profapi.dll

VM Arguments:
jvm_args: -Djava.awt.headless=true -Xmx1024M -Dfile.encoding=x-windows-949 -Duser.country=KR -Duser.language=ko -Duser.variant 
java_command: com.android.dx.command.Main --dex --force-jumbo --num-threads=4 --multi-dex --output D:\Documents\YongWoo\ReadingSalon\app\build\intermediates\transforms\dex\debug\folders\1000\10\com.android.support-support-v4-23.4.0_5c1984b85797e87b50c3e98b131da411916e146a D:\Documents\YongWoo\ReadingSalon\app\build\intermediates\exploded-aar\com.android.support\support-v4\23.4.0\jars\classes.jar
java_class_path (initial): D:\Documents\YongWoo\Android\sdk\build-tools\23.0.3\lib\dx.jar
Launcher Type: SUN_STANDARD

Environment Variables:
JAVA_HOME=C:\Program Files\Java\jdk1.8.0_91
PATH=C:\ProgramData\Oracle\Java\javapath;C:\Program Files (x86)\Common Files\NetSarang;C:\Program Files (x86)\Intel\iCLS Client\;C:\Program Files\Intel\iCLS Client\;C:\Windows\system32;C:\Windows;C:\Windows\System32\Wbem;C:\Windows\System32\WindowsPowerShell\v1.0\;C:\Program Files (x86)\Intel\OpenCL SDK\2.0\bin\x86;C:\Program Files (x86)\Intel\OpenCL SDK\2.0\bin\x64;C:\Program Files\SafeNet\Authentication\SAC\x64;C:\Program Files\Intel\Intel(R) Management Engine Components\DAL;C:\Program Files\Intel\Intel(R) Management Engine Components\IPT;C:\Program Files (x86)\Intel\Intel(R) Management Engine Components\DAL;C:\Program Files (x86)\Intel\Intel(R) Management Engine Components\IPT;C:\Program Files (x86)\Intel\OpenCL SDK\2.0\bin\x86;C:\Program Files (x86)\Intel\OpenCL SDK\2.0\bin\x64;C:\Program Files\Java\jdk1.8.0_91\bin;D:\Documents\YongWoo\PortableGit\bin
USERNAME=Datacenter
OS=Windows_NT
PROCESSOR_IDENTIFIER=Intel64 Family 6 Model 58 Stepping 9, GenuineIntel



---------------  S Y S T E M  ---------------

OS: Windows 7 , 64 bit Build 7601 (6.1.7601.23418)

CPU:total 4 (4 cores per cpu, 1 threads per core) family 6 model 58 stepping 9, cmov, cx8, fxsr, mmx, sse, sse2, sse3, ssse3, sse4.1, sse4.2, popcnt, avx, aes, clmul, erms, tsc, tscinvbit, tscinv

Memory: 4k page, physical 8061124k(1122632k free), swap 8059264k(548572k free)

vm_info: Java HotSpot(TM) 64-Bit Server VM (25.91-b14) for windows-amd64 JRE (1.8.0_91-b14), built on Apr  1 2016 00:58:32 by "java_re" with MS VC++ 10.0 (VS2010)

time: Tue May 24 06:50:03 2016
elapsed time: 9 seconds (0d 0h 0m 9s)

